// Jest Snapshot v1, https://goo.gl/fbAQLP

exports[`CareScheduling Component matches snapshot 1`] = `
<DocumentFragment>
  <div
    class="care-scheduling"
  >
    <header
      class="navbar"
    >
      <div
        class="navbar-content"
      >
        <div
          class="navbar-logo"
        >
          ðŸŒ¿ Garden Grid
        </div>
        <nav
          class="navbar-links"
        >
          <a
            href="/"
          >
            Home
          </a>
          <a
            href="/inventory"
          >
            Inventory
          </a>
          <a
            href="/inventory-management"
          >
            Entries
          </a>
          <a
            href="/resources"
          >
            Resources
          </a>
          <a
            href="/reports"
          >
            Reports
          </a>
          <a
            href="/login"
          >
            Log Out
          </a>
        </nav>
      </div>
    </header>
    <nav
      class="tabs"
    >
      <a
        class="tab"
        href="/inventory-management"
      >
        Inventory Management
      </a>
      <a
        class="tab"
        href="/care-scheduling"
      >
        Care Scheduling
      </a>
      <a
        class="tab"
        href="/growth-tracking"
      >
        Growth Tracking
      </a>
    </nav>
    <div
      class="content"
    >
      <h2>
        Care Scheduling
      </h2>
      <button
        class="new-entry-button"
      >
        + New Entry
      </button>
      <table
        class="scheduling-table"
      >
        <thead>
          <tr>
            <th>
              Date
            </th>
            <th>
              Plant
            </th>
            <th>
              Care Type
            </th>
            <th>
              Status
            </th>
          </tr>
        </thead>
        <tbody>
          <tr>
            <td>
              2024-11-01
            </td>
            <td>
              Rose Bush
            </td>
            <td>
              Watering
            </td>
            <td>
              Completed
            </td>
          </tr>
          <tr>
            <td>
              2024-11-02
            </td>
            <td>
              Lavender
            </td>
            <td>
              Fertilizing
            </td>
            <td>
              Pending
            </td>
          </tr>
        </tbody>
      </table>
    </div>
  </div>
</DocumentFragment>
`;
